// Jest Snapshot v1, https://goo.gl/fbAQLP

exports[`CoreLibrary Unit Tests - MarkdownRenderServer Basic Test 1`] = `
"
<!DOCTYPE html>
<html lang="en">
<head>
    <meta charset="UTF-8">
    <meta name="viewport" content="width=device-width, initial-scale=1.0">
    <meta http-equiv="X-UA-Compatible" content="ie=edge">
    <title>Document</title>
    
</head>
<body>
    <h1>test</h1>
<p>hello world</p>

</body>"
`;
