// Jest Snapshot v1, https://goo.gl/fbAQLP

exports[`yargs module unit tests - print-module builder 1`] = `
[
  "dir",
  "outputDir",
]
`;

exports[`yargs module unit tests - print-module handler - on error 1`] = `
[
  "Error Occurred on printing: %s",
]
`;

exports[`yargs module unit tests - print-module handler 1`] = `
[
  "MarkdownItPDF Printer is starting...",
  "ready to print.",
  "%d files printed",
]
`;

exports[`yargs module unit tests - print-module handler 2`] = `
[
  "createPdfPrinter() called with options: {"rootDir":"test","outputDir":"pdf","port":3001}",
  "MarkdownRenderServer.createRenderServer() called with options: {"rootDir":"test","outputDir":"pdf","port":3001}",
  "contentsUrls: %o",
  "Try to Listen on port %d",
  "reserved port: %d",
  "Listening on port %d",
  "Launched Puppeteer.",
  "Request: %s",
  "render() called.",
  "styles: %o",
  "Response for url: %s, status code: %d",
  "content type: %s",
  "Request: %s",
  "Response for url: %s, status code: %d",
  "content type: %s",
  "Request: %s",
  "Printed http://localhost:3001/test.md to pdf\\test.md.pdf.",
  "Request: %s",
  "render() called.",
  "styles: %o",
  "Response for url: %s, status code: %d",
  "content type: %s",
  "Request: %s",
  "Response for url: %s, status code: %d",
  "content type: %s",
  "Printed http://localhost:3001/sub/test.md to pdf\\sub\\test.md.pdf.",
  "Request: %s",
  "render() called.",
  "styles: %o",
  "Response for url: %s, status code: %d",
  "content type: %s",
  "Request: %s",
  "Response for url: %s, status code: %d",
  "content type: %s",
  "Printed http://localhost:3001/sub2/test.md to pdf\\sub2\\test.md.pdf.",
  "Request: %s",
  "render() called.",
  "styles: %o",
  "Response for url: %s, status code: %d",
  "content type: %s",
  "Request: %s",
  "Response for url: %s, status code: %d",
  "content type: %s",
  "Printed http://localhost:3001/sub2/sub/test.md to pdf\\sub2\\sub\\test.md.pdf.",
  "Closed Puppeteer.",
  "printed files's ids:",
  [
    "/test.md",
    "/sub/test.md",
    "/sub2/test.md",
    "/sub2/sub/test.md",
  ],
]
`;
